// Jest Snapshot v1, https://goo.gl/fbAQLP

exports[`it matches previous snapshot 1`] = `
<DocumentFragment>
  <div
    class="Card"
  >
    <h4
      class="Card-title"
    >
      testing image 1
    </h4>
    <img
      alt="testing image 1"
      class="Card-image"
      src="test1.com"
    />
    <small
      class="Card-small"
    >
      Image 1 of 3.
    </small>
  </div>
</DocumentFragment>
`;

exports[`it works without crashing 1`] = `
<DocumentFragment>
  <div
    class="Card"
  >
    <h4
      class="Card-title"
    >
      testing image 1
    </h4>
    <img
      alt="testing image 1"
      class="Card-image"
      src="test1.com"
    />
    <small
      class="Card-small"
    >
      Image 1 of 3.
    </small>
  </div>
</DocumentFragment>
`;
